// Jest Snapshot v1, https://goo.gl/fbAQLP

exports[`renders correctly 1`] = `
ShallowWrapper {
  "length": 1,
  Symbol(enzyme.__root__): [Circular],
  Symbol(enzyme.__unrendered__): <HomePage />,
  Symbol(enzyme.__renderer__): Object {
    "batchedUpdates": [Function],
    "getNode": [Function],
    "render": [Function],
    "simulateEvent": [Function],
    "unmount": [Function],
  },
  Symbol(enzyme.__node__): Object {
    "instance": null,
    "key": undefined,
    "nodeType": "host",
    "props": Object {
      "children": Array [
        <h2
          style={
                    Object {
                              "margin": "0",
                            }
          }
>
          Trivia!
</h2>,
        <SelectField
          label="Category"
          name="category"
          onChange={[Function]}
          options={
                    Array [
                              Object {
                                "label": "Any",
                                "value": "",
                              },
                              Object {
                                "label": "General Knowledge",
                                "value": 9,
                              },
                              Object {
                                "label": "Entertainment: Books",
                                "value": 10,
                              },
                              Object {
                                "label": "Entertainment: Film",
                                "value": 11,
                              },
                              Object {
                                "label": "Entertainment: Music",
                                "value": 12,
                              },
                              Object {
                                "label": "Entertainment: Musicals & Theatres",
                                "value": 13,
                              },
                              Object {
                                "label": "Entertainment: Television",
                                "value": 14,
                              },
                              Object {
                                "label": "Entertainment: Video Games",
                                "value": 15,
                              },
                              Object {
                                "label": "Entertainment: Board Games",
                                "value": 16,
                              },
                              Object {
                                "label": "Science & Nature",
                                "value": 17,
                              },
                              Object {
                                "label": "Science: Computers",
                                "value": 18,
                              },
                              Object {
                                "label": "Science: Mathematics",
                                "value": 19,
                              },
                              Object {
                                "label": "Mythology",
                                "value": 20,
                              },
                              Object {
                                "label": "Sports",
                                "value": 21,
                              },
                              Object {
                                "label": "Geography",
                                "value": 22,
                              },
                              Object {
                                "label": "History",
                                "value": 23,
                              },
                              Object {
                                "label": "Politics",
                                "value": 24,
                              },
                              Object {
                                "label": "Art",
                                "value": 25,
                              },
                              Object {
                                "label": "Celebrities",
                                "value": 26,
                              },
                              Object {
                                "label": "Animals",
                                "value": 27,
                              },
                              Object {
                                "label": "Vehicles",
                                "value": 28,
                              },
                              Object {
                                "label": "Entertainment: Comics",
                                "value": 29,
                              },
                              Object {
                                "label": "Science: Gadgets",
                                "value": 30,
                              },
                              Object {
                                "label": "Entertainment: Japanese Anime & Manga",
                                "value": 31,
                              },
                              Object {
                                "label": "Entertainment: Cartoon & Animations",
                                "value": 32,
                              },
                            ]
          }
/>,
        <SelectField
          label="Difficulty"
          name="difficult"
          onChange={[Function]}
          options={
                    Array [
                              Object {
                                "label": "Any",
                                "value": "",
                              },
                              Object {
                                "label": "Easy",
                                "value": "easy",
                              },
                              Object {
                                "label": "Medium",
                                "value": "medium",
                              },
                              Object {
                                "label": "Hard",
                                "value": "hard",
                              },
                            ]
          }
/>,
        <SelectField
          label="Amount of Questions"
          name="amoutn"
          onChange={[Function]}
          options={
                    Array [
                              Object {
                                "label": "10",
                              },
                              Object {
                                "label": "20",
                              },
                              Object {
                                "label": "30",
                              },
                              Object {
                                "label": "40",
                              },
                              Object {
                                "label": "50",
                              },
                              Object {
                                "label": "60",
                              },
                              Object {
                                "label": "70",
                              },
                              Object {
                                "label": "80",
                              },
                              Object {
                                "label": "90",
                              },
                              Object {
                                "label": "100",
                              },
                            ]
          }
/>,
        <Button
          onClick={[Function]}
          type="primary"
>
          Let's Play
</Button>,
      ],
      "className": "page",
      "style": Object {
        "padding": "20px",
      },
    },
    "ref": null,
    "rendered": Array [
      Object {
        "instance": null,
        "key": undefined,
        "nodeType": "host",
        "props": Object {
          "children": "Trivia!",
          "style": Object {
            "margin": "0",
          },
        },
        "ref": null,
        "rendered": "Trivia!",
        "type": "h2",
      },
      Object {
        "instance": null,
        "key": undefined,
        "nodeType": "class",
        "props": Object {
          "label": "Category",
          "name": "category",
          "onChange": [Function],
          "options": Array [
            Object {
              "label": "Any",
              "value": "",
            },
            Object {
              "label": "General Knowledge",
              "value": 9,
            },
            Object {
              "label": "Entertainment: Books",
              "value": 10,
            },
            Object {
              "label": "Entertainment: Film",
              "value": 11,
            },
            Object {
              "label": "Entertainment: Music",
              "value": 12,
            },
            Object {
              "label": "Entertainment: Musicals & Theatres",
              "value": 13,
            },
            Object {
              "label": "Entertainment: Television",
              "value": 14,
            },
            Object {
              "label": "Entertainment: Video Games",
              "value": 15,
            },
            Object {
              "label": "Entertainment: Board Games",
              "value": 16,
            },
            Object {
              "label": "Science & Nature",
              "value": 17,
            },
            Object {
              "label": "Science: Computers",
              "value": 18,
            },
            Object {
              "label": "Science: Mathematics",
              "value": 19,
            },
            Object {
              "label": "Mythology",
              "value": 20,
            },
            Object {
              "label": "Sports",
              "value": 21,
            },
            Object {
              "label": "Geography",
              "value": 22,
            },
            Object {
              "label": "History",
              "value": 23,
            },
            Object {
              "label": "Politics",
              "value": 24,
            },
            Object {
              "label": "Art",
              "value": 25,
            },
            Object {
              "label": "Celebrities",
              "value": 26,
            },
            Object {
              "label": "Animals",
              "value": 27,
            },
            Object {
              "label": "Vehicles",
              "value": 28,
            },
            Object {
              "label": "Entertainment: Comics",
              "value": 29,
            },
            Object {
              "label": "Science: Gadgets",
              "value": 30,
            },
            Object {
              "label": "Entertainment: Japanese Anime & Manga",
              "value": 31,
            },
            Object {
              "label": "Entertainment: Cartoon & Animations",
              "value": 32,
            },
          ],
        },
        "ref": null,
        "rendered": null,
        "type": [Function],
      },
      Object {
        "instance": null,
        "key": undefined,
        "nodeType": "class",
        "props": Object {
          "label": "Difficulty",
          "name": "difficult",
          "onChange": [Function],
          "options": Array [
            Object {
              "label": "Any",
              "value": "",
            },
            Object {
              "label": "Easy",
              "value": "easy",
            },
            Object {
              "label": "Medium",
              "value": "medium",
            },
            Object {
              "label": "Hard",
              "value": "hard",
            },
          ],
        },
        "ref": null,
        "rendered": null,
        "type": [Function],
      },
      Object {
        "instance": null,
        "key": undefined,
        "nodeType": "class",
        "props": Object {
          "label": "Amount of Questions",
          "name": "amoutn",
          "onChange": [Function],
          "options": Array [
            Object {
              "label": "10",
            },
            Object {
              "label": "20",
            },
            Object {
              "label": "30",
            },
            Object {
              "label": "40",
            },
            Object {
              "label": "50",
            },
            Object {
              "label": "60",
            },
            Object {
              "label": "70",
            },
            Object {
              "label": "80",
            },
            Object {
              "label": "90",
            },
            Object {
              "label": "100",
            },
          ],
        },
        "ref": null,
        "rendered": null,
        "type": [Function],
      },
      Object {
        "instance": null,
        "key": undefined,
        "nodeType": "function",
        "props": Object {
          "children": "Let's Play",
          "onClick": [Function],
          "type": "primary",
        },
        "ref": null,
        "rendered": "Let's Play",
        "type": [Function],
      },
    ],
    "type": "div",
  },
  Symbol(enzyme.__nodes__): Array [
    Object {
      "instance": null,
      "key": undefined,
      "nodeType": "host",
      "props": Object {
        "children": Array [
          <h2
            style={
                        Object {
                                    "margin": "0",
                                  }
            }
>
            Trivia!
</h2>,
          <SelectField
            label="Category"
            name="category"
            onChange={[Function]}
            options={
                        Array [
                                    Object {
                                      "label": "Any",
                                      "value": "",
                                    },
                                    Object {
                                      "label": "General Knowledge",
                                      "value": 9,
                                    },
                                    Object {
                                      "label": "Entertainment: Books",
                                      "value": 10,
                                    },
                                    Object {
                                      "label": "Entertainment: Film",
                                      "value": 11,
                                    },
                                    Object {
                                      "label": "Entertainment: Music",
                                      "value": 12,
                                    },
                                    Object {
                                      "label": "Entertainment: Musicals & Theatres",
                                      "value": 13,
                                    },
                                    Object {
                                      "label": "Entertainment: Television",
                                      "value": 14,
                                    },
                                    Object {
                                      "label": "Entertainment: Video Games",
                                      "value": 15,
                                    },
                                    Object {
                                      "label": "Entertainment: Board Games",
                                      "value": 16,
                                    },
                                    Object {
                                      "label": "Science & Nature",
                                      "value": 17,
                                    },
                                    Object {
                                      "label": "Science: Computers",
                                      "value": 18,
                                    },
                                    Object {
                                      "label": "Science: Mathematics",
                                      "value": 19,
                                    },
                                    Object {
                                      "label": "Mythology",
                                      "value": 20,
                                    },
                                    Object {
                                      "label": "Sports",
                                      "value": 21,
                                    },
                                    Object {
                                      "label": "Geography",
                                      "value": 22,
                                    },
                                    Object {
                                      "label": "History",
                                      "value": 23,
                                    },
                                    Object {
                                      "label": "Politics",
                                      "value": 24,
                                    },
                                    Object {
                                      "label": "Art",
                                      "value": 25,
                                    },
                                    Object {
                                      "label": "Celebrities",
                                      "value": 26,
                                    },
                                    Object {
                                      "label": "Animals",
                                      "value": 27,
                                    },
                                    Object {
                                      "label": "Vehicles",
                                      "value": 28,
                                    },
                                    Object {
                                      "label": "Entertainment: Comics",
                                      "value": 29,
                                    },
                                    Object {
                                      "label": "Science: Gadgets",
                                      "value": 30,
                                    },
                                    Object {
                                      "label": "Entertainment: Japanese Anime & Manga",
                                      "value": 31,
                                    },
                                    Object {
                                      "label": "Entertainment: Cartoon & Animations",
                                      "value": 32,
                                    },
                                  ]
            }
/>,
          <SelectField
            label="Difficulty"
            name="difficult"
            onChange={[Function]}
            options={
                        Array [
                                    Object {
                                      "label": "Any",
                                      "value": "",
                                    },
                                    Object {
                                      "label": "Easy",
                                      "value": "easy",
                                    },
                                    Object {
                                      "label": "Medium",
                                      "value": "medium",
                                    },
                                    Object {
                                      "label": "Hard",
                                      "value": "hard",
                                    },
                                  ]
            }
/>,
          <SelectField
            label="Amount of Questions"
            name="amoutn"
            onChange={[Function]}
            options={
                        Array [
                                    Object {
                                      "label": "10",
                                    },
                                    Object {
                                      "label": "20",
                                    },
                                    Object {
                                      "label": "30",
                                    },
                                    Object {
                                      "label": "40",
                                    },
                                    Object {
                                      "label": "50",
                                    },
                                    Object {
                                      "label": "60",
                                    },
                                    Object {
                                      "label": "70",
                                    },
                                    Object {
                                      "label": "80",
                                    },
                                    Object {
                                      "label": "90",
                                    },
                                    Object {
                                      "label": "100",
                                    },
                                  ]
            }
/>,
          <Button
            onClick={[Function]}
            type="primary"
>
            Let's Play
</Button>,
        ],
        "className": "page",
        "style": Object {
          "padding": "20px",
        },
      },
      "ref": null,
      "rendered": Array [
        Object {
          "instance": null,
          "key": undefined,
          "nodeType": "host",
          "props": Object {
            "children": "Trivia!",
            "style": Object {
              "margin": "0",
            },
          },
          "ref": null,
          "rendered": "Trivia!",
          "type": "h2",
        },
        Object {
          "instance": null,
          "key": undefined,
          "nodeType": "class",
          "props": Object {
            "label": "Category",
            "name": "category",
            "onChange": [Function],
            "options": Array [
              Object {
                "label": "Any",
                "value": "",
              },
              Object {
                "label": "General Knowledge",
                "value": 9,
              },
              Object {
                "label": "Entertainment: Books",
                "value": 10,
              },
              Object {
                "label": "Entertainment: Film",
                "value": 11,
              },
              Object {
                "label": "Entertainment: Music",
                "value": 12,
              },
              Object {
                "label": "Entertainment: Musicals & Theatres",
                "value": 13,
              },
              Object {
                "label": "Entertainment: Television",
                "value": 14,
              },
              Object {
                "label": "Entertainment: Video Games",
                "value": 15,
              },
              Object {
                "label": "Entertainment: Board Games",
                "value": 16,
              },
              Object {
                "label": "Science & Nature",
                "value": 17,
              },
              Object {
                "label": "Science: Computers",
                "value": 18,
              },
              Object {
                "label": "Science: Mathematics",
                "value": 19,
              },
              Object {
                "label": "Mythology",
                "value": 20,
              },
              Object {
                "label": "Sports",
                "value": 21,
              },
              Object {
                "label": "Geography",
                "value": 22,
              },
              Object {
                "label": "History",
                "value": 23,
              },
              Object {
                "label": "Politics",
                "value": 24,
              },
              Object {
                "label": "Art",
                "value": 25,
              },
              Object {
                "label": "Celebrities",
                "value": 26,
              },
              Object {
                "label": "Animals",
                "value": 27,
              },
              Object {
                "label": "Vehicles",
                "value": 28,
              },
              Object {
                "label": "Entertainment: Comics",
                "value": 29,
              },
              Object {
                "label": "Science: Gadgets",
                "value": 30,
              },
              Object {
                "label": "Entertainment: Japanese Anime & Manga",
                "value": 31,
              },
              Object {
                "label": "Entertainment: Cartoon & Animations",
                "value": 32,
              },
            ],
          },
          "ref": null,
          "rendered": null,
          "type": [Function],
        },
        Object {
          "instance": null,
          "key": undefined,
          "nodeType": "class",
          "props": Object {
            "label": "Difficulty",
            "name": "difficult",
            "onChange": [Function],
            "options": Array [
              Object {
                "label": "Any",
                "value": "",
              },
              Object {
                "label": "Easy",
                "value": "easy",
              },
              Object {
                "label": "Medium",
                "value": "medium",
              },
              Object {
                "label": "Hard",
                "value": "hard",
              },
            ],
          },
          "ref": null,
          "rendered": null,
          "type": [Function],
        },
        Object {
          "instance": null,
          "key": undefined,
          "nodeType": "class",
          "props": Object {
            "label": "Amount of Questions",
            "name": "amoutn",
            "onChange": [Function],
            "options": Array [
              Object {
                "label": "10",
              },
              Object {
                "label": "20",
              },
              Object {
                "label": "30",
              },
              Object {
                "label": "40",
              },
              Object {
                "label": "50",
              },
              Object {
                "label": "60",
              },
              Object {
                "label": "70",
              },
              Object {
                "label": "80",
              },
              Object {
                "label": "90",
              },
              Object {
                "label": "100",
              },
            ],
          },
          "ref": null,
          "rendered": null,
          "type": [Function],
        },
        Object {
          "instance": null,
          "key": undefined,
          "nodeType": "function",
          "props": Object {
            "children": "Let's Play",
            "onClick": [Function],
            "type": "primary",
          },
          "ref": null,
          "rendered": "Let's Play",
          "type": [Function],
        },
      ],
      "type": "div",
    },
  ],
  Symbol(enzyme.__options__): Object {
    "adapter": ReactSixteenAdapter {
      "options": Object {
        "enableComponentDidUpdateOnSetState": true,
      },
    },
    "disableLifecycleMethods": true,
  },
}
`;
